// Jest Snapshot v1, https://goo.gl/fbAQLP

exports[`InfoInput render correctly 1`] = `
<div>
  <div
    class="InfoInput"
    style="width: 300px;"
  >
    <input
      class="InfoInput-Input"
      placeholder=""
      type="text"
      value=""
    />
  </div>
</div>
`;
